../Core/Src/main.c:83:5:main	24	static
../Core/Src/main.c:196:6:SystemClock_Config	88	static
../Core/Src/main.c:243:13:MX_ADC1_Init	24	static
../Core/Src/main.c:295:13:MX_TIM1_Init	80	static
../Core/Src/main.c:368:13:MX_TIM2_Init	64	static
../Core/Src/main.c:436:13:MX_TIM3_Init	48	static
../Core/Src/main.c:484:13:MX_USART6_UART_Init	8	static
../Core/Src/main.c:517:13:MX_GPIO_Init	48	static
../Core/Src/main.c:556:6:HAL_TIMEx_CommutCallback	16	static
../Core/Src/main.c:561:5:__io_putchar	24	static
../Core/Src/main.c:675:6:Error_Handler	4	static,ignoring_inline_asm
