../Core/Src/main.c:114:5:main	32	static
../Core/Src/main.c:250:6:SystemClock_Config	88	static
../Core/Src/main.c:297:13:MX_ADC1_Init	24	static
../Core/Src/main.c:349:13:MX_TIM1_Init	80	static
../Core/Src/main.c:422:13:MX_TIM2_Init	64	static
../Core/Src/main.c:490:13:MX_TIM3_Init	48	static
../Core/Src/main.c:538:13:MX_USART6_UART_Init	8	static
../Core/Src/main.c:571:13:MX_GPIO_Init	48	static
../Core/Src/main.c:616:6:HAL_TIMEx_CommutCallback	16	static
../Core/Src/main.c:621:5:__io_putchar	24	static
../Core/Src/main.c:648:6:StartDefaultTask	32	static
../Core/Src/main.c:723:6:StartTask02	16	static
../Core/Src/main.c:742:6:Error_Handler	4	static,ignoring_inline_asm
