../Core/Src/motor_control.c:37:6:bldc_motor_init	16	static
../Core/Src/motor_control.c:61:6:bldc_motor_set_speed	24	static
../Core/Src/motor_control.c:92:6:MotorSetDir	16	static
../Core/Src/motor_control.c:97:6:bldc_motor_Config_Channel_Init	4	static
../Core/Src/motor_control.c:111:6:bldc_motor_PWM_Config_Channel	16	static
../Core/Src/motor_control.c:121:6:bldc_motor_OC_Config_Channel	16	static
../Core/Src/motor_control.c:130:6:MotorStart	24	static
../Core/Src/motor_control.c:138:6:MotorDirChange	16	static
../Core/Src/motor_control.c:156:6:bldc_motor_set_pwm	16	static
../Core/Src/motor_control.c:164:6:check_button_press	16	static
../Core/Src/motor_control.c:179:6:bldc_motor_six_step_algorithm	8	static
