../Core/Src/motor_control.c:94:6:Motor_Start	8	static
../Core/Src/motor_control.c:118:6:Delay	16	static,ignoring_inline_asm
../Core/Src/motor_control.c:124:6:Spin_Motor	8	static
../Core/Src/motor_control.c:133:6:Motor_Stop	8	static
../Core/Src/motor_control.c:141:6:Motor_SetSpeed	16	static
../Core/Src/motor_control.c:148:6:bldc_motor_PWM_Config_Channel	16	static
../Core/Src/motor_control.c:157:6:bldc_motor_OC_Config_Channel	16	static
../Core/Src/motor_control.c:165:6:bldc_motor_six_step_algorithm	8	static
